 tests/rsrc/test_tree
   S
      a
      c
      b
      d
